// Jest Snapshot v1, https://goo.gl/fbAQLP

exports[`snapshot 1`] = `
<RCTSafeAreaView
  emulateUnlessSupported={true}
  style={
    Array [
      Object {
        "alignItems": "center",
        "backgroundColor": "#FFFFFF",
        "flexBasis": 0,
        "flexDirection": "column",
        "flexGrow": 1,
        "flexShrink": 1,
        "justifyContent": "flex-start",
      },
    ]
  }
>
  <Text
    style={
      Array [
        Object {
          "fontFamily": "Inter_500Medium",
          "fontSize": 20,
          "lineHeight": 28,
        },
      ]
    }
  >
    freshie
  </Text>
  <View
    style={
      Array [
        Object {
          "alignItems": "center",
          "flexDirection": "column",
          "justifyContent": "center",
          "marginBottom": 31,
          "marginTop": 77,
        },
      ]
    }
  >
    <Text
      style={
        Array [
          Object {
            "fontFamily": "Inter_500Medium",
            "fontSize": 24,
            "lineHeight": 32,
          },
        ]
      }
    >
      Hello, Welcome Back
    </Text>
    <Text
      style={
        Array [
          Object {
            "color": "#989898",
            "fontFamily": "Inter_500Medium",
            "fontSize": 14,
            "lineHeight": 20,
          },
        ]
      }
    >
      Enter your credentials to continue
    </Text>
  </View>
  <View
    style={
      Array [
        Object {
          "flexDirection": "column",
          "justifyContent": "center",
          "marginBottom": 10,
          "marginLeft": 10,
          "marginRight": 10,
          "marginTop": 10,
        },
      ]
    }
  >
    <Text
      style={
        Array [
          Object {
            "color": "#2D3748",
            "fontFamily": "Inter_500Medium",
            "fontSize": 16,
            "lineHeight": 24,
            "marginBottom": 8,
          },
        ]
      }
    >
      Username
    </Text>
    <TextInput
      allowFontScaling={true}
      autoCapitalize="none"
      label="Username"
      minHeight={40}
      onBlur={[Function]}
      onChangeText={[Function]}
      placeholder="enter your username!"
      rejectResponderTermination={true}
      style={
        Array [
          Object {},
          Object {
            "borderColor": "#E2E8F0",
            "borderRadius": 6,
            "borderWidth": 1,
            "fontFamily": "Inter_400Regular",
            "fontSize": 16,
            "lineHeight": 24,
            "paddingBottom": 5,
            "paddingLeft": 5,
            "textAlign": "left",
          },
        ]
      }
      underlineColorAndroid="transparent"
      value=""
      width={320}
    />
  </View>
  <View
    style={
      Array [
        Object {
          "flexDirection": "column",
          "justifyContent": "center",
          "marginBottom": 10,
          "marginLeft": 10,
          "marginRight": 10,
          "marginTop": 10,
        },
      ]
    }
  >
    <Text
      style={
        Array [
          Object {
            "color": "#2D3748",
            "fontFamily": "Inter_500Medium",
            "fontSize": 16,
            "lineHeight": 24,
            "marginBottom": 8,
          },
        ]
      }
    >
      Password
    </Text>
    <TextInput
      allowFontScaling={true}
      autoCapitalize="none"
      label="Password"
      minHeight={40}
      onBlur={[Function]}
      onChangeText={[Function]}
      placeholder="enter your password!"
      rejectResponderTermination={true}
      secureTextEntry={true}
      style={
        Array [
          Object {},
          Object {
            "borderColor": "#E2E8F0",
            "borderRadius": 6,
            "borderWidth": 1,
            "fontFamily": "Inter_400Regular",
            "fontSize": 16,
            "lineHeight": 24,
            "paddingBottom": 5,
            "paddingLeft": 5,
            "textAlign": "left",
          },
        ]
      }
      underlineColorAndroid="transparent"
      value=""
      width={320}
    />
  </View>
  <View
    style={
      Array [
        Object {
          "alignItems": "center",
          "flexDirection": "row",
          "justifyContent": "space-between",
          "marginBottom": 12,
          "marginLeft": 12,
          "marginRight": 12,
          "marginTop": 12,
          "width": 300,
        },
      ]
    }
  >
    <View
      style={
        Array [
          Object {
            "alignItems": "center",
            "flexDirection": "row",
            "justifyContent": "center",
          },
        ]
      }
    >
      <View
        accessibilityLiveRegion="polite"
        accessibilityRole="checkbox"
        accessibilityState={
          Object {
            "checked": false,
            "disabled": undefined,
          }
        }
        accessible={true}
        focusable={true}
        onClick={[Function]}
        onResponderGrant={[Function]}
        onResponderMove={[Function]}
        onResponderRelease={[Function]}
        onResponderTerminate={[Function]}
        onResponderTerminationRequest={[Function]}
        onStartShouldSetResponder={[Function]}
        style={
          Array [
            Object {
              "overflow": "hidden",
            },
            Object {
              "borderRadius": 18,
              "height": 36,
              "padding": 6,
              "width": 36,
            },
          ]
        }
        testID="checkbox"
      >
        <View
          style={
            Object {
              "transform": Array [
                Object {
                  "scale": 1,
                },
              ],
            }
          }
        >
          <Text />
          <View
            style={
              Array [
                Object {
                  "bottom": 0,
                  "left": 0,
                  "position": "absolute",
                  "right": 0,
                  "top": 0,
                },
                Object {
                  "alignItems": "center",
                  "justifyContent": "center",
                },
              ]
            }
          >
            <View
              style={
                Object {
                  "borderColor": "rgba(0, 0, 0, 0.54)",
                  "borderWidth": 0,
                  "height": 14,
                  "width": 14,
                }
              }
            />
          </View>
        </View>
      </View>
      <Text
        style={
          Array [
            Object {
              "color": "#000000",
              "fontFamily": "Inter_600SemiBold",
              "fontSize": 14,
              "lineHeight": 20,
              "marginRight": 9,
            },
          ]
        }
      >
        Remember me
      </Text>
    </View>
    <View
      accessible={true}
      focusable={false}
      onClick={[Function]}
      onResponderGrant={[Function]}
      onResponderMove={[Function]}
      onResponderRelease={[Function]}
      onResponderTerminate={[Function]}
      onResponderTerminationRequest={[Function]}
      onStartShouldSetResponder={[Function]}
      style={
        Object {
          "alignItems": "center",
          "flexDirection": "column",
          "justifyContent": "center",
          "marginBottom": 0,
          "marginLeft": 0,
          "marginRight": 0,
          "marginTop": 0,
          "opacity": 1,
        }
      }
    >
      <Text
        style={
          Array [
            Object {
              "color": "#000000",
              "fontFamily": "Inter_600SemiBold",
              "fontSize": 14,
              "lineHeight": 20,
            },
          ]
        }
      >
        Forgot Password?
      </Text>
    </View>
  </View>
  <View
    accessible={true}
    focusable={true}
    onClick={[Function]}
    onResponderGrant={[Function]}
    onResponderMove={[Function]}
    onResponderRelease={[Function]}
    onResponderTerminate={[Function]}
    onResponderTerminationRequest={[Function]}
    onStartShouldSetResponder={[Function]}
    style={
      Object {
        "alignItems": "center",
        "backgroundColor": "#285E61",
        "borderRadius": 6,
        "flexDirection": "column",
        "height": 48,
        "justifyContent": "center",
        "marginBottom": 0,
        "marginLeft": 0,
        "marginRight": 0,
        "marginTop": 0,
        "opacity": 1,
        "width": 300,
      }
    }
  >
    <Text
      style={
        Array [
          Object {
            "color": "#FFFFFF",
            "fontFamily": "Inter_600SemiBold",
            "fontSize": 18,
            "lineHeight": 28,
          },
        ]
      }
    >
      Sign In
    </Text>
  </View>
  <View
    accessible={true}
    focusable={true}
    onClick={[Function]}
    onResponderGrant={[Function]}
    onResponderMove={[Function]}
    onResponderRelease={[Function]}
    onResponderTerminate={[Function]}
    onResponderTerminationRequest={[Function]}
    onStartShouldSetResponder={[Function]}
    style={
      Object {
        "alignItems": "center",
        "flexDirection": "column",
        "justifyContent": "center",
        "marginBottom": 0,
        "marginLeft": 0,
        "marginRight": 0,
        "marginTop": 20,
        "opacity": 1,
      }
    }
  >
    <Text
      style={
        Array [
          Object {
            "color": "#000000",
            "fontFamily": "Inter_600SemiBold",
            "fontSize": 14,
            "lineHeight": 20,
          },
        ]
      }
    >
      Don't have an account?
    </Text>
  </View>
</RCTSafeAreaView>
`;
